Archive member included to satisfy reference by file (symbol)

e:/workspace/clion/gcc-arm-none-eabi-10.3-2021.10/bin/../lib/gcc/arm-none-eabi/10.3.1/../../../../arm-none-eabi/lib/thumb/v7-m/nofp\libg.a(lib_a-errno.o)
                              CMakeFiles/ws2812.elf.dir/Core/Src/syscalls.c.obj (__errno)
e:/workspace/clion/gcc-arm-none-eabi-10.3-2021.10/bin/../lib/gcc/arm-none-eabi/10.3.1/../../../../arm-none-eabi/lib/thumb/v7-m/nofp\libg.a(lib_a-exit.o)
                              e:/workspace/clion/gcc-arm-none-eabi-10.3-2021.10/bin/../lib/gcc/arm-none-eabi/10.3.1/../../../../arm-none-eabi/lib/thumb/v7-m/nofp/crt0.o (exit)
e:/workspace/clion/gcc-arm-none-eabi-10.3-2021.10/bin/../lib/gcc/arm-none-eabi/10.3.1/../../../../arm-none-eabi/lib/thumb/v7-m/nofp\libg.a(lib_a-impure.o)
                              e:/workspace/clion/gcc-arm-none-eabi-10.3-2021.10/bin/../lib/gcc/arm-none-eabi/10.3.1/../../../../arm-none-eabi/lib/thumb/v7-m/nofp\libg.a(lib_a-exit.o) (_global_impure_ptr)
e:/workspace/clion/gcc-arm-none-eabi-10.3-2021.10/bin/../lib/gcc/arm-none-eabi/10.3.1/../../../../arm-none-eabi/lib/thumb/v7-m/nofp\libg.a(lib_a-init.o)
                              e:/workspace/clion/gcc-arm-none-eabi-10.3-2021.10/bin/../lib/gcc/arm-none-eabi/10.3.1/../../../../arm-none-eabi/lib/thumb/v7-m/nofp/crt0.o (__libc_init_array)
e:/workspace/clion/gcc-arm-none-eabi-10.3-2021.10/bin/../lib/gcc/arm-none-eabi/10.3.1/../../../../arm-none-eabi/lib/thumb/v7-m/nofp\libg.a(lib_a-memset.o)
                              e:/workspace/clion/gcc-arm-none-eabi-10.3-2021.10/bin/../lib/gcc/arm-none-eabi/10.3.1/../../../../arm-none-eabi/lib/thumb/v7-m/nofp/crt0.o (memset)
e:/workspace/clion/gcc-arm-none-eabi-10.3-2021.10/bin/../lib/gcc/arm-none-eabi/10.3.1/../../../../arm-none-eabi/lib/thumb/v7-m/nofp\libg.a(lib_a-__call_atexit.o)
                              e:/workspace/clion/gcc-arm-none-eabi-10.3-2021.10/bin/../lib/gcc/arm-none-eabi/10.3.1/../../../../arm-none-eabi/lib/thumb/v7-m/nofp\libg.a(lib_a-exit.o) (__call_exitprocs)
e:/workspace/clion/gcc-arm-none-eabi-10.3-2021.10/bin/../lib/gcc/arm-none-eabi/10.3.1/../../../../arm-none-eabi/lib/thumb/v7-m/nofp\libg.a(lib_a-atexit.o)
                              e:/workspace/clion/gcc-arm-none-eabi-10.3-2021.10/bin/../lib/gcc/arm-none-eabi/10.3.1/../../../../arm-none-eabi/lib/thumb/v7-m/nofp\libg.a(lib_a-__call_atexit.o) (atexit)
e:/workspace/clion/gcc-arm-none-eabi-10.3-2021.10/bin/../lib/gcc/arm-none-eabi/10.3.1/../../../../arm-none-eabi/lib/thumb/v7-m/nofp\libg.a(lib_a-fini.o)
                              e:/workspace/clion/gcc-arm-none-eabi-10.3-2021.10/bin/../lib/gcc/arm-none-eabi/10.3.1/../../../../arm-none-eabi/lib/thumb/v7-m/nofp\libg.a(lib_a-__call_atexit.o) (__libc_fini_array)
e:/workspace/clion/gcc-arm-none-eabi-10.3-2021.10/bin/../lib/gcc/arm-none-eabi/10.3.1/../../../../arm-none-eabi/lib/thumb/v7-m/nofp\libg.a(lib_a-lock.o)
                              e:/workspace/clion/gcc-arm-none-eabi-10.3-2021.10/bin/../lib/gcc/arm-none-eabi/10.3.1/../../../../arm-none-eabi/lib/thumb/v7-m/nofp\libg.a(lib_a-__call_atexit.o) (__retarget_lock_acquire_recursive)
e:/workspace/clion/gcc-arm-none-eabi-10.3-2021.10/bin/../lib/gcc/arm-none-eabi/10.3.1/../../../../arm-none-eabi/lib/thumb/v7-m/nofp\libg.a(lib_a-__atexit.o)
                              e:/workspace/clion/gcc-arm-none-eabi-10.3-2021.10/bin/../lib/gcc/arm-none-eabi/10.3.1/../../../../arm-none-eabi/lib/thumb/v7-m/nofp\libg.a(lib_a-atexit.o) (__register_exitproc)

Discarded input sections

 .text          0x00000000        0x0 e:/workspace/clion/gcc-arm-none-eabi-10.3-2021.10/bin/../lib/gcc/arm-none-eabi/10.3.1/thumb/v7-m/nofp/crti.o
 .data          0x00000000        0x0 e:/workspace/clion/gcc-arm-none-eabi-10.3-2021.10/bin/../lib/gcc/arm-none-eabi/10.3.1/thumb/v7-m/nofp/crti.o
 .bss           0x00000000        0x0 e:/workspace/clion/gcc-arm-none-eabi-10.3-2021.10/bin/../lib/gcc/arm-none-eabi/10.3.1/thumb/v7-m/nofp/crti.o
 .data          0x00000000        0x4 e:/workspace/clion/gcc-arm-none-eabi-10.3-2021.10/bin/../lib/gcc/arm-none-eabi/10.3.1/thumb/v7-m/nofp/crtbegin.o
 .rodata        0x00000000       0x24 e:/workspace/clion/gcc-arm-none-eabi-10.3-2021.10/bin/../lib/gcc/arm-none-eabi/10.3.1/thumb/v7-m/nofp/crtbegin.o
 .text          0x00000000       0x7c e:/workspace/clion/gcc-arm-none-eabi-10.3-2021.10/bin/../lib/gcc/arm-none-eabi/10.3.1/../../../../arm-none-eabi/lib/thumb/v7-m/nofp/crt0.o
 .data          0x00000000        0x0 e:/workspace/clion/gcc-arm-none-eabi-10.3-2021.10/bin/../lib/gcc/arm-none-eabi/10.3.1/../../../../arm-none-eabi/lib/thumb/v7-m/nofp/crt0.o
 .bss           0x00000000        0x0 e:/workspace/clion/gcc-arm-none-eabi-10.3-2021.10/bin/../lib/gcc/arm-none-eabi/10.3.1/../../../../arm-none-eabi/lib/thumb/v7-m/nofp/crt0.o
 .ARM.extab     0x00000000        0x0 e:/workspace/clion/gcc-arm-none-eabi-10.3-2021.10/bin/../lib/gcc/arm-none-eabi/10.3.1/../../../../arm-none-eabi/lib/thumb/v7-m/nofp/crt0.o
[...]
Memory Configuration

Name             Origin             Length             Attributes
RAM              0x20000000         0x00005000         xrw
FLASH            0x08000000         0x00010000         xr
*default*        0x00000000         0xffffffff

Linker script and memory map

LOAD e:/workspace/clion/gcc-arm-none-eabi-10.3-2021.10/bin/../lib/gcc/arm-none-eabi/10.3.1/thumb/v7-m/nofp/crti.o
LOAD e:/workspace/clion/gcc-arm-none-eabi-10.3-2021.10/bin/../lib/gcc/arm-none-eabi/10.3.1/thumb/v7-m/nofp/crtbegin.o
LOAD e:/workspace/clion/gcc-arm-none-eabi-10.3-2021.10/bin/../lib/gcc/arm-none-eabi/10.3.1/../../../../arm-none-eabi/lib/thumb/v7-m/nofp/crt0.o
LOAD CMakeFiles/ws2812.elf.dir/Core/Src/dma.c.obj
LOAD CMakeFiles/ws2812.elf.dir/Core/Src/gpio.c.obj
LOAD CMakeFiles/ws2812.elf.dir/Core/Src/main.c.obj
LOAD CMakeFiles/ws2812.elf.dir/Core/Src/stm32f1xx_hal_msp.c.obj
LOAD CMakeFiles/ws2812.elf.dir/Core/Src/stm32f1xx_it.c.obj
LOAD CMakeFiles/ws2812.elf.dir/Core/Src/syscalls.c.obj
LOAD CMakeFiles/ws2812.elf.dir/Core/Src/sysmem.c.obj
LOAD CMakeFiles/ws2812.elf.dir/Core/Src/system_stm32f1xx.c.obj
LOAD CMakeFiles/ws2812.elf.dir/Core/Src/tim.c.obj
LOAD CMakeFiles/ws2812.elf.dir/Core/Src/ws2812led.c.obj
LOAD CMakeFiles/ws2812.elf.dir/Core/Startup/startup_stm32f103c8tx.s.obj
LOAD CMakeFiles/ws2812.elf.dir/Drivers/STM32F1xx_HAL_Driver/Src/stm32f1xx_hal.c.obj
LOAD CMakeFiles/ws2812.elf.dir/Drivers/STM32F1xx_HAL_Driver/Src/stm32f1xx_hal_cortex.c.obj
LOAD CMakeFiles/ws2812.elf.dir/Drivers/STM32F1xx_HAL_Driver/Src/stm32f1xx_hal_dma.c.obj
LOAD CMakeFiles/ws2812.elf.dir/Drivers/STM32F1xx_HAL_Driver/Src/stm32f1xx_hal_exti.c.obj
LOAD CMakeFiles/ws2812.elf.dir/Drivers/STM32F1xx_HAL_Driver/Src/stm32f1xx_hal_flash.c.obj
LOAD CMakeFiles/ws2812.elf.dir/Drivers/STM32F1xx_HAL_Driver/Src/stm32f1xx_hal_flash_ex.c.obj
LOAD CMakeFiles/ws2812.elf.dir/Drivers/STM32F1xx_HAL_Driver/Src/stm32f1xx_hal_gpio.c.obj
LOAD CMakeFiles/ws2812.elf.dir/Drivers/STM32F1xx_HAL_Driver/Src/stm32f1xx_hal_gpio_ex.c.obj
LOAD CMakeFiles/ws2812.elf.dir/Drivers/STM32F1xx_HAL_Driver/Src/stm32f1xx_hal_pwr.c.obj
LOAD CMakeFiles/ws2812.elf.dir/Drivers/STM32F1xx_HAL_Driver/Src/stm32f1xx_hal_rcc.c.obj
LOAD CMakeFiles/ws2812.elf.dir/Drivers/STM32F1xx_HAL_Driver/Src/stm32f1xx_hal_rcc_ex.c.obj
LOAD CMakeFiles/ws2812.elf.dir/Drivers/STM32F1xx_HAL_Driver/Src/stm32f1xx_hal_tim.c.obj
LOAD CMakeFiles/ws2812.elf.dir/Drivers/STM32F1xx_HAL_Driver/Src/stm32f1xx_hal_tim_ex.c.obj
START GROUP
LOAD e:/workspace/clion/gcc-arm-none-eabi-10.3-2021.10/bin/../lib/gcc/arm-none-eabi/10.3.1/thumb/v7-m/nofp\libgcc.a
LOAD e:/workspace/clion/gcc-arm-none-eabi-10.3-2021.10/bin/../lib/gcc/arm-none-eabi/10.3.1/../../../../arm-none-eabi/lib/thumb/v7-m/nofp\libg.a
LOAD e:/workspace/clion/gcc-arm-none-eabi-10.3-2021.10/bin/../lib/gcc/arm-none-eabi/10.3.1/../../../../arm-none-eabi/lib/thumb/v7-m/nofp\libc.a
END GROUP
LOAD e:/workspace/clion/gcc-arm-none-eabi-10.3-2021.10/bin/../lib/gcc/arm-none-eabi/10.3.1/thumb/v7-m/nofp/crtend.o
LOAD e:/workspace/clion/gcc-arm-none-eabi-10.3-2021.10/bin/../lib/gcc/arm-none-eabi/10.3.1/thumb/v7-m/nofp/crtn.o
                0x20005000                _estack = (ORIGIN (RAM) + LENGTH (RAM))
                0x00000200                _Min_Heap_Size = 0x200
                0x00000400                _Min_Stack_Size = 0x400

.isr_vector     0x08000000      0x10c
                0x08000000                . = ALIGN (0x4)
 *(.isr_vector)
 .isr_vector    0x08000000      0x10c CMakeFiles/ws2812.elf.dir/Core/Startup/startup_stm32f103c8tx.s.obj
                0x08000000                g_pfnVectors
                0x0800010c                . = ALIGN (0x4)

.text           0x0800010c     0x1c24
                0x0800010c                . = ALIGN (0x4)
 *(.text)
 .text          0x0800010c       0x40 e:/workspace/clion/gcc-arm-none-eabi-10.3-2021.10/bin/../lib/gcc/arm-none-eabi/10.3.1/thumb/v7-m/nofp/crtbegin.o
 *(.text*)
 .text.MX_DMA_Init
                0x0800014c       0x34 CMakeFiles/ws2812.elf.dir/Core/Src/dma.c.obj
                0x0800014c                MX_DMA_Init
 .text.MX_GPIO_Init
                0x08000180       0x44 CMakeFiles/ws2812.elf.dir/Core/Src/gpio.c.obj
                0x08000180                MX_GPIO_Init
 .text.Error_Handler
                0x080001c4        0x4 CMakeFiles/ws2812.elf.dir/Core/Src/main.c.obj
                0x080001c4                Error_Handler
 .text.SystemClock_Config
                0x080001c8       0x64 CMakeFiles/ws2812.elf.dir/Core/Src/main.c.obj
                0x080001c8                SystemClock_Config
 .text.main     0x0800022c       0x76 CMakeFiles/ws2812.elf.dir/Core/Src/main.c.obj
                0x0800022c                main
 *fill*         0x080002a2        0x2 
 .text.HAL_MspInit
                0x080002a4       0x44 CMakeFiles/ws2812.elf.dir/Core/Src/stm32f1xx_hal_msp.c.obj
                0x080002a4                HAL_MspInit
 .text.NMI_Handler
                0x080002e8        0x2 CMakeFiles/ws2812.elf.dir/Core/Src/stm32f1xx_it.c.obj
                0x080002e8                NMI_Handler
 .text.HardFault_Handler
                0x080002ea        0x2 CMakeFiles/ws2812.elf.dir/Core/Src/stm32f1xx_it.c.obj
                0x080002ea                HardFault_Handler
 .text.MemManage_Handler
                0x080002ec        0x2 CMakeFiles/ws2812.elf.dir/Core/Src/stm32f1xx_it.c.obj
                0x080002ec                MemManage_Handler
 .text.BusFault_Handler
                0x080002ee        0x2 CMakeFiles/ws2812.elf.dir/Core/Src/stm32f1xx_it.c.obj
                0x080002ee                BusFault_Handler
 .text.UsageFault_Handler
                0x080002f0        0x2 CMakeFiles/ws2812.elf.dir/Core/Src/stm32f1xx_it.c.obj
                0x080002f0                UsageFault_Handler
 .text.SVC_Handler
                0x080002f2        0x2 CMakeFiles/ws2812.elf.dir/Core/Src/stm32f1xx_it.c.obj
                0x080002f2                SVC_Handler
 .text.DebugMon_Handler
                0x080002f4        0x2 CMakeFiles/ws2812.elf.dir/Core/Src/stm32f1xx_it.c.obj
                0x080002f4                DebugMon_Handler
 .text.PendSV_Handler
                0x080002f6        0x2 CMakeFiles/ws2812.elf.dir/Core/Src/stm32f1xx_it.c.obj
                0x080002f6                PendSV_Handler
 .text.SysTick_Handler
                0x080002f8        0x8 CMakeFiles/ws2812.elf.dir/Core/Src/stm32f1xx_it.c.obj
                0x080002f8                SysTick_Handler
 .text.DMA1_Channel2_IRQHandler
                0x08000300       0x10 CMakeFiles/ws2812.elf.dir/Core/Src/stm32f1xx_it.c.obj
                0x08000300                DMA1_Channel2_IRQHandler
 .text.SystemInit
                0x08000310        0x2 CMakeFiles/ws2812.elf.dir/Core/Src/system_stm32f1xx.c.obj
                0x08000310                SystemInit
 *fill*         0x08000312        0x2 
 .text.HAL_TIM_Base_MspInit
                0x08000314       0x70 CMakeFiles/ws2812.elf.dir/Core/Src/tim.c.obj
                0x08000314                HAL_TIM_Base_MspInit
 .text.HAL_TIM_MspPostInit
                0x08000384       0x50 CMakeFiles/ws2812.elf.dir/Core/Src/tim.c.obj
                0x08000384                HAL_TIM_MspPostInit
 .text.MX_TIM1_Init
                0x080003d4       0xe4 CMakeFiles/ws2812.elf.dir/Core/Src/tim.c.obj
                0x080003d4                MX_TIM1_Init
 .text.RGB_SetColor
                0x080004b8       0xac CMakeFiles/ws2812.elf.dir/Core/Src/ws2812led.c.obj
                0x080004b8                RGB_SetColor
 .text.Reset_Load
                0x08000564       0x20 CMakeFiles/ws2812.elf.dir/Core/Src/ws2812led.c.obj
                0x08000564                Reset_Load
 .text.send_1f  0x08000584       0x18 CMakeFiles/ws2812.elf.dir/Core/Src/ws2812led.c.obj
                0x08000584                send_1f
 .text.RGB_BLACK
                0x0800059c       0x28 CMakeFiles/ws2812.elf.dir/Core/Src/ws2812led.c.obj
                0x0800059c                RGB_BLACK
 .text.RGB_color_local
                0x080005c4       0x1a CMakeFiles/ws2812.elf.dir/Core/Src/ws2812led.c.obj
                0x080005c4                RGB_color_local
 *fill*         0x080005de        0x2 
 .text.Reset_Handler
                0x080005e0       0x48 CMakeFiles/ws2812.elf.dir/Core/Startup/startup_stm32f103c8tx.s.obj
                0x080005e0                Reset_Handler
 .text.Default_Handler
                0x08000628        0x2 CMakeFiles/ws2812.elf.dir/Core/Startup/startup_stm32f103c8tx.s.obj
                0x08000628                RTC_Alarm_IRQHandler
                0x08000628                EXTI2_IRQHandler
                0x08000628                TIM1_CC_IRQHandler
                0x08000628                PVD_IRQHandler
                0x08000628                EXTI3_IRQHandler
                0x08000628                EXTI0_IRQHandler
                0x08000628                I2C2_EV_IRQHandler
                0x08000628                ADC1_2_IRQHandler
                0x08000628                SPI1_IRQHandler
                0x08000628                TAMPER_IRQHandler
                0x08000628                DMA1_Channel4_IRQHandler
                0x08000628                USART3_IRQHandler
                0x08000628                RTC_IRQHandler
                0x08000628                DMA1_Channel7_IRQHandler
                0x08000628                CAN1_RX1_IRQHandler
                0x08000628                TIM4_IRQHandler
                0x08000628                I2C1_EV_IRQHandler
                0x08000628                DMA1_Channel6_IRQHandler
                0x08000628                TIM3_IRQHandler
                0x08000628                RCC_IRQHandler
                0x08000628                TIM1_TRG_COM_IRQHandler
                0x08000628                DMA1_Channel1_IRQHandler
                0x08000628                Default_Handler
                0x08000628                EXTI15_10_IRQHandler
                0x08000628                EXTI9_5_IRQHandler
                0x08000628                SPI2_IRQHandler
                0x08000628                DMA1_Channel5_IRQHandler
                0x08000628                EXTI4_IRQHandler
                0x08000628                USB_LP_CAN1_RX0_IRQHandler
                0x08000628                USB_HP_CAN1_TX_IRQHandler
                0x08000628                DMA1_Channel3_IRQHandler
                0x08000628                TIM1_UP_IRQHandler
                0x08000628                WWDG_IRQHandler
                0x08000628                TIM2_IRQHandler
                0x08000628                TIM1_BRK_IRQHandler
                0x08000628                EXTI1_IRQHandler
                0x08000628                USART2_IRQHandler
                0x08000628                I2C2_ER_IRQHandler
                0x08000628                CAN1_SCE_IRQHandler
                0x08000628                FLASH_IRQHandler
                0x08000628                USART1_IRQHandler
                0x08000628                I2C1_ER_IRQHandler
                0x08000628                USBWakeUp_IRQHandler
 *fill*         0x0800062a        0x2 
 .text.HAL_InitTick
                0x0800062c       0x4c CMakeFiles/ws2812.elf.dir/Drivers/STM32F1xx_HAL_Driver/Src/stm32f1xx_hal.c.obj
                0x0800062c                HAL_InitTick
 .text.HAL_Init
                0x08000678       0x24 CMakeFiles/ws2812.elf.dir/Drivers/STM32F1xx_HAL_Driver/Src/stm32f1xx_hal.c.obj
                0x08000678                HAL_Init
 .text.HAL_IncTick
                0x0800069c       0x18 CMakeFiles/ws2812.elf.dir/Drivers/STM32F1xx_HAL_Driver/Src/stm32f1xx_hal.c.obj
                0x0800069c                HAL_IncTick
 .text.HAL_GetTick
                0x080006b4        0xc CMakeFiles/ws2812.elf.dir/Drivers/STM32F1xx_HAL_Driver/Src/stm32f1xx_hal.c.obj
                0x080006b4                HAL_GetTick
 .text.HAL_Delay
                0x080006c0       0x28 CMakeFiles/ws2812.elf.dir/Drivers/STM32F1xx_HAL_Driver/Src/stm32f1xx_hal.c.obj
                0x080006c0                HAL_Delay
 .text.HAL_NVIC_SetPriorityGrouping
                0x080006e8       0x24 CMakeFiles/ws2812.elf.dir/Drivers/STM32F1xx_HAL_Driver/Src/stm32f1xx_hal_cortex.c.obj
                0x080006e8                HAL_NVIC_SetPriorityGrouping
 .text.HAL_NVIC_SetPriority
                0x0800070c       0x70 CMakeFiles/ws2812.elf.dir/Drivers/STM32F1xx_HAL_Driver/Src/stm32f1xx_hal_cortex.c.obj
                0x0800070c                HAL_NVIC_SetPriority
 .text.HAL_NVIC_EnableIRQ
                0x0800077c       0x1c CMakeFiles/ws2812.elf.dir/Drivers/STM32F1xx_HAL_Driver/Src/stm32f1xx_hal_cortex.c.obj
                0x0800077c                HAL_NVIC_EnableIRQ
 .text.HAL_SYSTICK_Config
                0x08000798       0x28 CMakeFiles/ws2812.elf.dir/Drivers/STM32F1xx_HAL_Driver/Src/stm32f1xx_hal_cortex.c.obj
                0x08000798                HAL_SYSTICK_Config
 .text.DMA_SetConfig
                0x080007c0       0x2c CMakeFiles/ws2812.elf.dir/Drivers/STM32F1xx_HAL_Driver/Src/stm32f1xx_hal_dma.c.obj
 .text.HAL_DMA_Init
                0x080007ec       0x6c CMakeFiles/ws2812.elf.dir/Drivers/STM32F1xx_HAL_Driver/Src/stm32f1xx_hal_dma.c.obj
                0x080007ec                HAL_DMA_Init
 .text.HAL_DMA_Start_IT
                0x08000858       0x76 CMakeFiles/ws2812.elf.dir/Drivers/STM32F1xx_HAL_Driver/Src/stm32f1xx_hal_dma.c.obj
                0x08000858                HAL_DMA_Start_IT
 *fill*         0x080008ce        0x2 
 .text.HAL_DMA_IRQHandler
                0x080008d0      0x144 CMakeFiles/ws2812.elf.dir/Drivers/STM32F1xx_HAL_Driver/Src/stm32f1xx_hal_dma.c.obj
                0x080008d0                HAL_DMA_IRQHandler
 .text.HAL_GPIO_Init
                0x08000a14      0x224 CMakeFiles/ws2812.elf.dir/Drivers/STM32F1xx_HAL_Driver/Src/stm32f1xx_hal_gpio.c.obj
                0x08000a14                HAL_GPIO_Init
 .text.RCC_Delay
                0x08000c38       0x2c CMakeFiles/ws2812.elf.dir/Drivers/STM32F1xx_HAL_Driver/Src/stm32f1xx_hal_rcc.c.obj
 .text.HAL_RCC_OscConfig
                0x08000c64      0x410 CMakeFiles/ws2812.elf.dir/Drivers/STM32F1xx_HAL_Driver/Src/stm32f1xx_hal_rcc.c.obj
                0x08000c64                HAL_RCC_OscConfig
 .text.HAL_RCC_GetSysClockFreq
                0x08001074       0x54 CMakeFiles/ws2812.elf.dir/Drivers/STM32F1xx_HAL_Driver/Src/stm32f1xx_hal_rcc.c.obj
                0x08001074                HAL_RCC_GetSysClockFreq
 .text.HAL_RCC_ClockConfig
                0x080010c8      0x16c CMakeFiles/ws2812.elf.dir/Drivers/STM32F1xx_HAL_Driver/Src/stm32f1xx_hal_rcc.c.obj
                0x080010c8                HAL_RCC_ClockConfig
 .text.TIM_OC1_SetConfig
                0x08001234       0x5c CMakeFiles/ws2812.elf.dir/Drivers/STM32F1xx_HAL_Driver/Src/stm32f1xx_hal_tim.c.obj
 .text.TIM_OC3_SetConfig
                0x08001290       0x64 CMakeFiles/ws2812.elf.dir/Drivers/STM32F1xx_HAL_Driver/Src/stm32f1xx_hal_tim.c.obj
 .text.TIM_OC4_SetConfig
                0x080012f4       0x48 CMakeFiles/ws2812.elf.dir/Drivers/STM32F1xx_HAL_Driver/Src/stm32f1xx_hal_tim.c.obj
 .text.TIM_TI1_ConfigInputStage
                0x0800133c       0x24 CMakeFiles/ws2812.elf.dir/Drivers/STM32F1xx_HAL_Driver/Src/stm32f1xx_hal_tim.c.obj
 .text.TIM_TI2_ConfigInputStage
                0x08001360       0x26 CMakeFiles/ws2812.elf.dir/Drivers/STM32F1xx_HAL_Driver/Src/stm32f1xx_hal_tim.c.obj
 .text.TIM_ITRx_SetConfig
                0x08001386       0x10 CMakeFiles/ws2812.elf.dir/Drivers/STM32F1xx_HAL_Driver/Src/stm32f1xx_hal_tim.c.obj
 .text.HAL_TIM_PWM_MspInit
                0x08001396        0x2 CMakeFiles/ws2812.elf.dir/Drivers/STM32F1xx_HAL_Driver/Src/stm32f1xx_hal_tim.c.obj
                0x08001396                HAL_TIM_PWM_MspInit
 .text.HAL_TIM_PWM_PulseFinishedCallback
                0x08001398        0x2 CMakeFiles/ws2812.elf.dir/Drivers/STM32F1xx_HAL_Driver/Src/stm32f1xx_hal_tim.c.obj
                0x08001398                HAL_TIM_PWM_PulseFinishedCallback
 .text.TIM_DMADelayPulseCplt
                0x0800139a       0x70 CMakeFiles/ws2812.elf.dir/Drivers/STM32F1xx_HAL_Driver/Src/stm32f1xx_hal_tim.c.obj
 .text.HAL_TIM_PWM_PulseFinishedHalfCpltCallback
                0x0800140a        0x2 CMakeFiles/ws2812.elf.dir/Drivers/STM32F1xx_HAL_Driver/Src/stm32f1xx_hal_tim.c.obj
                0x0800140a                HAL_TIM_PWM_PulseFinishedHalfCpltCallback
 .text.TIM_DMADelayPulseHalfCplt
                0x0800140c       0x3e CMakeFiles/ws2812.elf.dir/Drivers/STM32F1xx_HAL_Driver/Src/stm32f1xx_hal_tim.c.obj
                0x0800140c                TIM_DMADelayPulseHalfCplt
 .text.HAL_TIM_ErrorCallback
                0x0800144a        0x2 CMakeFiles/ws2812.elf.dir/Drivers/STM32F1xx_HAL_Driver/Src/stm32f1xx_hal_tim.c.obj
                0x0800144a                HAL_TIM_ErrorCallback
 .text.TIM_DMAError
                0x0800144c       0x5c CMakeFiles/ws2812.elf.dir/Drivers/STM32F1xx_HAL_Driver/Src/stm32f1xx_hal_tim.c.obj
                0x0800144c                TIM_DMAError
 .text.TIM_Base_SetConfig
                0x080014a8       0x74 CMakeFiles/ws2812.elf.dir/Drivers/STM32F1xx_HAL_Driver/Src/stm32f1xx_hal_tim.c.obj
                0x080014a8                TIM_Base_SetConfig
 .text.HAL_TIM_Base_Init
                0x0800151c       0x58 CMakeFiles/ws2812.elf.dir/Drivers/STM32F1xx_HAL_Driver/Src/stm32f1xx_hal_tim.c.obj
                0x0800151c                HAL_TIM_Base_Init
 .text.HAL_TIM_PWM_Init
                0x08001574       0x58 CMakeFiles/ws2812.elf.dir/Drivers/STM32F1xx_HAL_Driver/Src/stm32f1xx_hal_tim.c.obj
                0x08001574                HAL_TIM_PWM_Init
 .text.TIM_OC2_SetConfig
                0x080015cc       0x64 CMakeFiles/ws2812.elf.dir/Drivers/STM32F1xx_HAL_Driver/Src/stm32f1xx_hal_tim.c.obj
                0x080015cc                TIM_OC2_SetConfig
 .text.HAL_TIM_PWM_ConfigChannel
                0x08001630       0xdc CMakeFiles/ws2812.elf.dir/Drivers/STM32F1xx_HAL_Driver/Src/stm32f1xx_hal_tim.c.obj
                0x08001630                HAL_TIM_PWM_ConfigChannel
 .text.TIM_ETR_SetConfig
                0x0800170c       0x18 CMakeFiles/ws2812.elf.dir/Drivers/STM32F1xx_HAL_Driver/Src/stm32f1xx_hal_tim.c.obj
                0x0800170c                TIM_ETR_SetConfig
 .text.HAL_TIM_ConfigClockSource
                0x08001724       0xfe CMakeFiles/ws2812.elf.dir/Drivers/STM32F1xx_HAL_Driver/Src/stm32f1xx_hal_tim.c.obj
                0x08001724                HAL_TIM_ConfigClockSource
 .text.TIM_CCxChannelCmd
                0x08001822       0x1e CMakeFiles/ws2812.elf.dir/Drivers/STM32F1xx_HAL_Driver/Src/stm32f1xx_hal_tim.c.obj
                0x08001822                TIM_CCxChannelCmd
 .text.HAL_TIM_PWM_Start_DMA
                0x08001840      0x24c CMakeFiles/ws2812.elf.dir/Drivers/STM32F1xx_HAL_Driver/Src/stm32f1xx_hal_tim.c.obj
                0x08001840                HAL_TIM_PWM_Start_DMA
 .text.HAL_TIMEx_MasterConfigSynchronization
                0x08001a8c       0x6c CMakeFiles/ws2812.elf.dir/Drivers/STM32F1xx_HAL_Driver/Src/stm32f1xx_hal_tim_ex.c.obj
                0x08001a8c                HAL_TIMEx_MasterConfigSynchronization
 .text.HAL_TIMEx_ConfigBreakDeadTime
                0x08001af8       0x52 CMakeFiles/ws2812.elf.dir/Drivers/STM32F1xx_HAL_Driver/Src/stm32f1xx_hal_tim_ex.c.obj
                0x08001af8                HAL_TIMEx_ConfigBreakDeadTime
 *fill*         0x08001b4a        0x2 
 .text.__libc_init_array
                0x08001b4c       0x48 e:/workspace/clion/gcc-arm-none-eabi-10.3-2021.10/bin/../lib/gcc/arm-none-eabi/10.3.1/../../../../arm-none-eabi/lib/thumb/v7-m/nofp\libg.a(lib_a-init.o)
                0x08001b4c                __libc_init_array
 .text.memset   0x08001b94       0xa4 e:/workspace/clion/gcc-arm-none-eabi-10.3-2021.10/bin/../lib/gcc/arm-none-eabi/10.3.1/../../../../arm-none-eabi/lib/thumb/v7-m/nofp\libg.a(lib_a-memset.o)
                0x08001b94                memset
 .text.startup.register_fini
                0x08001c38       0x14 e:/workspace/clion/gcc-arm-none-eabi-10.3-2021.10/bin/../lib/gcc/arm-none-eabi/10.3.1/../../../../arm-none-eabi/lib/thumb/v7-m/nofp\libg.a(lib_a-__call_atexit.o)
 .text.atexit   0x08001c4c        0xc e:/workspace/clion/gcc-arm-none-eabi-10.3-2021.10/bin/../lib/gcc/arm-none-eabi/10.3.1/../../../../arm-none-eabi/lib/thumb/v7-m/nofp\libg.a(lib_a-atexit.o)
                0x08001c4c                atexit
 .text.__libc_fini_array
                0x08001c58       0x2c e:/workspace/clion/gcc-arm-none-eabi-10.3-2021.10/bin/../lib/gcc/arm-none-eabi/10.3.1/../../../../arm-none-eabi/lib/thumb/v7-m/nofp\libg.a(lib_a-fini.o)
                0x08001c58                __libc_fini_array
 .text.__retarget_lock_acquire_recursive
                0x08001c84        0x4 e:/workspace/clion/gcc-arm-none-eabi-10.3-2021.10/bin/../lib/gcc/arm-none-eabi/10.3.1/../../../../arm-none-eabi/lib/thumb/v7-m/nofp\libg.a(lib_a-lock.o)
                0x08001c84                __retarget_lock_acquire_recursive
 .text.__retarget_lock_release_recursive
                0x08001c88        0x4 e:/workspace/clion/gcc-arm-none-eabi-10.3-2021.10/bin/../lib/gcc/arm-none-eabi/10.3.1/../../../../arm-none-eabi/lib/thumb/v7-m/nofp\libg.a(lib_a-lock.o)
                0x08001c88                __retarget_lock_release_recursive
 .text.__register_exitproc
                0x08001c8c       0x8c e:/workspace/clion/gcc-arm-none-eabi-10.3-2021.10/bin/../lib/gcc/arm-none-eabi/10.3.1/../../../../arm-none-eabi/lib/thumb/v7-m/nofp\libg.a(lib_a-__atexit.o)
                0x08001c8c                __register_exitproc
 *(.glue_7)
 .glue_7        0x08001d18        0x0 linker stubs
 *(.glue_7t)
 .glue_7t       0x08001d18        0x0 linker stubs
 *(.eh_frame)
 .eh_frame      0x08001d18        0x0 e:/workspace/clion/gcc-arm-none-eabi-10.3-2021.10/bin/../lib/gcc/arm-none-eabi/10.3.1/thumb/v7-m/nofp/crtbegin.o
 *(.init)
 .init          0x08001d18        0x4 e:/workspace/clion/gcc-arm-none-eabi-10.3-2021.10/bin/../lib/gcc/arm-none-eabi/10.3.1/thumb/v7-m/nofp/crti.o
                0x08001d18                _init
 .init          0x08001d1c        0x8 e:/workspace/clion/gcc-arm-none-eabi-10.3-2021.10/bin/../lib/gcc/arm-none-eabi/10.3.1/thumb/v7-m/nofp/crtn.o
 *(.fini)
 .fini          0x08001d24        0x4 e:/workspace/clion/gcc-arm-none-eabi-10.3-2021.10/bin/../lib/gcc/arm-none-eabi/10.3.1/thumb/v7-m/nofp/crti.o
                0x08001d24                _fini
 .fini          0x08001d28        0x8 e:/workspace/clion/gcc-arm-none-eabi-10.3-2021.10/bin/../lib/gcc/arm-none-eabi/10.3.1/thumb/v7-m/nofp/crtn.o
                0x08001d30                . = ALIGN (0x4)
                0x08001d30                _etext = .

.vfp11_veneer   0x08001d30        0x0
 .vfp11_veneer  0x08001d30        0x0 linker stubs

.v4_bx          0x08001d30        0x0
 .v4_bx         0x08001d30        0x0 linker stubs

.iplt           0x08001d30        0x0
 .iplt          0x08001d30        0x0 e:/workspace/clion/gcc-arm-none-eabi-10.3-2021.10/bin/../lib/gcc/arm-none-eabi/10.3.1/thumb/v7-m/nofp/crtbegin.o

.rodata         0x08001d30       0x2c
                0x08001d30                . = ALIGN (0x4)
 *(.rodata)
 *(.rodata*)
 .rodata.AHBPrescTable
                0x08001d30       0x10 CMakeFiles/ws2812.elf.dir/Core/Src/system_stm32f1xx.c.obj
                0x08001d30                AHBPrescTable
 .rodata.BLACK  0x08001d40        0x3 CMakeFiles/ws2812.elf.dir/Core/Src/ws2812led.c.obj
                0x08001d40                BLACK
 *fill*         0x08001d43        0x1 
 .rodata.aPLLMULFactorTable.1
                0x08001d44       0x10 CMakeFiles/ws2812.elf.dir/Drivers/STM32F1xx_HAL_Driver/Src/stm32f1xx_hal_rcc.c.obj
 .rodata.aPredivFactorTable.0
                0x08001d54        0x2 CMakeFiles/ws2812.elf.dir/Drivers/STM32F1xx_HAL_Driver/Src/stm32f1xx_hal_rcc.c.obj
 *fill*         0x08001d56        0x2 
 .rodata._global_impure_ptr
                0x08001d58        0x4 e:/workspace/clion/gcc-arm-none-eabi-10.3-2021.10/bin/../lib/gcc/arm-none-eabi/10.3.1/../../../../arm-none-eabi/lib/thumb/v7-m/nofp\libg.a(lib_a-impure.o)
                0x08001d58                _global_impure_ptr
                0x08001d5c                . = ALIGN (0x4)

.rel.dyn        0x08001d5c        0x0
 .rel.iplt      0x08001d5c        0x0 e:/workspace/clion/gcc-arm-none-eabi-10.3-2021.10/bin/../lib/gcc/arm-none-eabi/10.3.1/thumb/v7-m/nofp/crtbegin.o

.ARM.extab      0x08001d5c        0x0
                0x08001d5c                . = ALIGN (0x4)
 *(.ARM.extab* .gnu.linkonce.armextab.*)
                0x08001d5c                . = ALIGN (0x4)

.ARM            0x08001d5c        0x0
                0x08001d5c                . = ALIGN (0x4)
                0x08001d5c                __exidx_start = .
 *(.ARM.exidx*)
                0x08001d5c                __exidx_end = .
                0x08001d5c                . = ALIGN (0x4)

.preinit_array  0x08001d5c        0x0
                0x08001d5c                . = ALIGN (0x4)
                0x08001d5c                PROVIDE (__preinit_array_start = .)
 *(.preinit_array*)
                0x08001d5c                PROVIDE (__preinit_array_end = .)
                0x08001d5c                . = ALIGN (0x4)

.init_array     0x08001d5c        0x8
                0x08001d5c                . = ALIGN (0x4)
                0x08001d5c                PROVIDE (__init_array_start = .)
 *(SORT_BY_NAME(.init_array.*))
 .init_array.00000
                0x08001d5c        0x4 e:/workspace/clion/gcc-arm-none-eabi-10.3-2021.10/bin/../lib/gcc/arm-none-eabi/10.3.1/../../../../arm-none-eabi/lib/thumb/v7-m/nofp\libg.a(lib_a-__call_atexit.o)
 *(.init_array*)
 .init_array    0x08001d60        0x4 e:/workspace/clion/gcc-arm-none-eabi-10.3-2021.10/bin/../lib/gcc/arm-none-eabi/10.3.1/thumb/v7-m/nofp/crtbegin.o
                0x08001d64                PROVIDE (__init_array_end = .)
                0x08001d64                . = ALIGN (0x4)

.fini_array     0x08001d64        0x4
                0x08001d64                . = ALIGN (0x4)
                0x08001d64                PROVIDE (__fini_array_start = .)
 *(SORT_BY_NAME(.fini_array.*))
 *(.fini_array*)
 .fini_array    0x08001d64        0x4 e:/workspace/clion/gcc-arm-none-eabi-10.3-2021.10/bin/../lib/gcc/arm-none-eabi/10.3.1/thumb/v7-m/nofp/crtbegin.o
                0x08001d68                PROVIDE (__fini_array_end = .)
                0x08001d68                . = ALIGN (0x4)
                0x08001d68                _sidata = LOADADDR (.data)

.data           0x20000000      0x43c load address 0x08001d68
                0x20000000                . = ALIGN (0x4)
                0x20000000                _sdata = .
 *(.data)
 *(.data*)
 .data.SystemCoreClock
                0x20000000        0x4 CMakeFiles/ws2812.elf.dir/Core/Src/system_stm32f1xx.c.obj
                0x20000000                SystemCoreClock
 .data.uwTickFreq
                0x20000004        0x1 CMakeFiles/ws2812.elf.dir/Drivers/STM32F1xx_HAL_Driver/Src/stm32f1xx_hal.c.obj
                0x20000004                uwTickFreq
 *fill*         0x20000005        0x3 
 .data.uwTickPrio
                0x20000008        0x4 CMakeFiles/ws2812.elf.dir/Drivers/STM32F1xx_HAL_Driver/Src/stm32f1xx_hal.c.obj
                0x20000008                uwTickPrio
 *fill*         0x2000000c        0x4 
 .data.impure_data
                0x20000010      0x428 e:/workspace/clion/gcc-arm-none-eabi-10.3-2021.10/bin/../lib/gcc/arm-none-eabi/10.3.1/../../../../arm-none-eabi/lib/thumb/v7-m/nofp\libg.a(lib_a-impure.o)
 .data.__atexit_recursive_mutex
                0x20000438        0x4 e:/workspace/clion/gcc-arm-none-eabi-10.3-2021.10/bin/../lib/gcc/arm-none-eabi/10.3.1/../../../../arm-none-eabi/lib/thumb/v7-m/nofp\libg.a(lib_a-__call_atexit.o)
                0x20000438                __atexit_recursive_mutex
 *(.RamFunc)
 *(.RamFunc*)
                0x2000043c                . = ALIGN (0x4)
                0x2000043c                _edata = .

.igot.plt       0x2000043c        0x0 load address 0x080021a4
 .igot.plt      0x2000043c        0x0 e:/workspace/clion/gcc-arm-none-eabi-10.3-2021.10/bin/../lib/gcc/arm-none-eabi/10.3.1/thumb/v7-m/nofp/crtbegin.o
                0x2000043c                . = ALIGN (0x4)

.bss            0x2000043c      0x290 load address 0x080021a4
                0x2000043c                _sbss = .
                0x2000043c                __bss_start__ = _sbss
 *(.bss)
 .bss           0x2000043c       0x1c e:/workspace/clion/gcc-arm-none-eabi-10.3-2021.10/bin/../lib/gcc/arm-none-eabi/10.3.1/thumb/v7-m/nofp/crtbegin.o
 *(.bss*)
 .bss.hdma_tim1_ch1
                0x20000458       0x44 CMakeFiles/ws2812.elf.dir/Core/Src/tim.c.obj
                0x20000458                hdma_tim1_ch1
 .bss.htim1     0x2000049c       0x48 CMakeFiles/ws2812.elf.dir/Core/Src/tim.c.obj
                0x2000049c                htim1
 .bss.pixel_led
                0x200004e4      0x1e0 CMakeFiles/ws2812.elf.dir/Core/Src/ws2812led.c.obj
                0x200004e4                pixel_led
 .bss.uwTick    0x200006c4        0x4 CMakeFiles/ws2812.elf.dir/Drivers/STM32F1xx_HAL_Driver/Src/stm32f1xx_hal.c.obj
                0x200006c4                uwTick
 .bss.__lock___atexit_recursive_mutex
                0x200006c8        0x1 e:/workspace/clion/gcc-arm-none-eabi-10.3-2021.10/bin/../lib/gcc/arm-none-eabi/10.3.1/../../../../arm-none-eabi/lib/thumb/v7-m/nofp\libg.a(lib_a-lock.o)
                0x200006c8                __lock___atexit_recursive_mutex
 *(COMMON)
                0x200006cc                . = ALIGN (0x4)
 *fill*         0x200006c9        0x3 
                0x200006cc                _ebss = .
                0x200006cc                __bss_end__ = _ebss

._user_heap_stack
                0x200006cc      0x604 load address 0x080021a4
                0x200006d0                . = ALIGN (0x8)
 *fill*         0x200006cc        0x4 
                [!provide]                PROVIDE (end = .)
                0x200006d0                PROVIDE (_end = .)
                0x200008d0                . = (. + _Min_Heap_Size)
 *fill*         0x200006d0      0x200 
                0x20000cd0                . = (. + _Min_Stack_Size)
 *fill*         0x200008d0      0x400 
                0x20000cd0                . = ALIGN (0x8)

/DISCARD/
 libc.a(*)
 libm.a(*)
 libgcc.a(*)

.ARM.attributes
                0x00000000       0x29
 *(.ARM.attributes)
 .ARM.attributes
                0x00000000       0x1d e:/workspace/clion/gcc-arm-none-eabi-10.3-2021.10/bin/../lib/gcc/arm-none-eabi/10.3.1/thumb/v7-m/nofp/crti.o
 .ARM.attributes
                0x0000001d       0x2d e:/workspace/clion/gcc-arm-none-eabi-10.3-2021.10/bin/../lib/gcc/arm-none-eabi/10.3.1/thumb/v7-m/nofp/crtbegin.o
 .ARM.attributes
                0x0000004a       0x2d CMakeFiles/ws2812.elf.dir/Core/Src/dma.c.obj
 .ARM.attributes
                0x00000077       0x2d CMakeFiles/ws2812.elf.dir/Core/Src/gpio.c.obj
 .ARM.attributes
                0x000000a4       0x2d CMakeFiles/ws2812.elf.dir/Core/Src/main.c.obj
 .ARM.attributes
                0x000000d1       0x2d CMakeFiles/ws2812.elf.dir/Core/Src/stm32f1xx_hal_msp.c.obj
 .ARM.attributes
                0x000000fe       0x2d CMakeFiles/ws2812.elf.dir/Core/Src/stm32f1xx_it.c.obj
 .ARM.attributes
                0x0000012b       0x2d CMakeFiles/ws2812.elf.dir/Core/Src/system_stm32f1xx.c.obj
 .ARM.attributes
                0x00000158       0x2d CMakeFiles/ws2812.elf.dir/Core/Src/tim.c.obj
 .ARM.attributes
                0x00000185       0x2d CMakeFiles/ws2812.elf.dir/Core/Src/ws2812led.c.obj
 .ARM.attributes
                0x000001b2       0x21 CMakeFiles/ws2812.elf.dir/Core/Startup/startup_stm32f103c8tx.s.obj
 .ARM.attributes
                0x000001d3       0x2d CMakeFiles/ws2812.elf.dir/Drivers/STM32F1xx_HAL_Driver/Src/stm32f1xx_hal.c.obj
 .ARM.attributes
                0x00000200       0x2d CMakeFiles/ws2812.elf.dir/Drivers/STM32F1xx_HAL_Driver/Src/stm32f1xx_hal_cortex.c.obj
 .ARM.attributes
                0x0000022d       0x2d CMakeFiles/ws2812.elf.dir/Drivers/STM32F1xx_HAL_Driver/Src/stm32f1xx_hal_dma.c.obj
 .ARM.attributes
                0x0000025a       0x2d CMakeFiles/ws2812.elf.dir/Drivers/STM32F1xx_HAL_Driver/Src/stm32f1xx_hal_gpio.c.obj
 .ARM.attributes
                0x00000287       0x2d CMakeFiles/ws2812.elf.dir/Drivers/STM32F1xx_HAL_Driver/Src/stm32f1xx_hal_rcc.c.obj
 .ARM.attributes
                0x000002b4       0x2d CMakeFiles/ws2812.elf.dir/Drivers/STM32F1xx_HAL_Driver/Src/stm32f1xx_hal_tim.c.obj
 .ARM.attributes
                0x000002e1       0x2d CMakeFiles/ws2812.elf.dir/Drivers/STM32F1xx_HAL_Driver/Src/stm32f1xx_hal_tim_ex.c.obj
 .ARM.attributes
                0x0000030e       0x2d e:/workspace/clion/gcc-arm-none-eabi-10.3-2021.10/bin/../lib/gcc/arm-none-eabi/10.3.1/../../../../arm-none-eabi/lib/thumb/v7-m/nofp\libg.a(lib_a-impure.o)
 .ARM.attributes
                0x0000033b       0x2d e:/workspace/clion/gcc-arm-none-eabi-10.3-2021.10/bin/../lib/gcc/arm-none-eabi/10.3.1/../../../../arm-none-eabi/lib/thumb/v7-m/nofp\libg.a(lib_a-init.o)
 .ARM.attributes
                0x00000368       0x2d e:/workspace/clion/gcc-arm-none-eabi-10.3-2021.10/bin/../lib/gcc/arm-none-eabi/10.3.1/../../../../arm-none-eabi/lib/thumb/v7-m/nofp\libg.a(lib_a-memset.o)
 .ARM.attributes
                0x00000395       0x2d e:/workspace/clion/gcc-arm-none-eabi-10.3-2021.10/bin/../lib/gcc/arm-none-eabi/10.3.1/../../../../arm-none-eabi/lib/thumb/v7-m/nofp\libg.a(lib_a-__call_atexit.o)
 .ARM.attributes
                0x000003c2       0x2d e:/workspace/clion/gcc-arm-none-eabi-10.3-2021.10/bin/../lib/gcc/arm-none-eabi/10.3.1/../../../../arm-none-eabi/lib/thumb/v7-m/nofp\libg.a(lib_a-atexit.o)
 .ARM.attributes
                0x000003ef       0x2d e:/workspace/clion/gcc-arm-none-eabi-10.3-2021.10/bin/../lib/gcc/arm-none-eabi/10.3.1/../../../../arm-none-eabi/lib/thumb/v7-m/nofp\libg.a(lib_a-fini.o)
 .ARM.attributes
                0x0000041c       0x2d e:/workspace/clion/gcc-arm-none-eabi-10.3-2021.10/bin/../lib/gcc/arm-none-eabi/10.3.1/../../../../arm-none-eabi/lib/thumb/v7-m/nofp\libg.a(lib_a-lock.o)
 .ARM.attributes
                0x00000449       0x2d e:/workspace/clion/gcc-arm-none-eabi-10.3-2021.10/bin/../lib/gcc/arm-none-eabi/10.3.1/../../../../arm-none-eabi/lib/thumb/v7-m/nofp\libg.a(lib_a-__atexit.o)
 .ARM.attributes
                0x00000476       0x1d e:/workspace/clion/gcc-arm-none-eabi-10.3-2021.10/bin/../lib/gcc/arm-none-eabi/10.3.1/thumb/v7-m/nofp/crtn.o
OUTPUT(ws2812.elf elf32-littlearm)
LOAD linker stubs
LOAD e:/workspace/clion/gcc-arm-none-eabi-10.3-2021.10/bin/../lib/gcc/arm-none-eabi/10.3.1/../../../../arm-none-eabi/lib/thumb/v7-m/nofp\libc.a
LOAD e:/workspace/clion/gcc-arm-none-eabi-10.3-2021.10/bin/../lib/gcc/arm-none-eabi/10.3.1/../../../../arm-none-eabi/lib/thumb/v7-m/nofp\libm.a
LOAD e:/workspace/clion/gcc-arm-none-eabi-10.3-2021.10/bin/../lib/gcc/arm-none-eabi/10.3.1/thumb/v7-m/nofp\libgcc.a

.debug_info     0x00000000     0xadeb
 .debug_info    0x00000000      0x2f4 CMakeFiles/ws2812.elf.dir/Core/Src/dma.c.obj
 .debug_info    0x000002f4      0x199 CMakeFiles/ws2812.elf.dir/Core/Src/gpio.c.obj
 .debug_info    0x0000048d      0x427 CMakeFiles/ws2812.elf.dir/Core/Src/main.c.obj
 .debug_info    0x000008b4      0x211 CMakeFiles/ws2812.elf.dir/Core/Src/stm32f1xx_hal_msp.c.obj
 .debug_info    0x00000ac5      0x3b5 CMakeFiles/ws2812.elf.dir/Core/Src/stm32f1xx_it.c.obj
 .debug_info    0x00000e7a      0x248 CMakeFiles/ws2812.elf.dir/Core/Src/system_stm32f1xx.c.obj
 .debug_info    0x000010c2      0xc54 CMakeFiles/ws2812.elf.dir/Core/Src/tim.c.obj
 .debug_info    0x00001d16      0xa7f CMakeFiles/ws2812.elf.dir/Core/Src/ws2812led.c.obj
 .debug_info    0x00002795       0x22 CMakeFiles/ws2812.elf.dir/Core/Startup/startup_stm32f103c8tx.s.obj
 .debug_info    0x000027b7      0x7a8 CMakeFiles/ws2812.elf.dir/Drivers/STM32F1xx_HAL_Driver/Src/stm32f1xx_hal.c.obj
 .debug_info    0x00002f5f      0xd8a CMakeFiles/ws2812.elf.dir/Drivers/STM32F1xx_HAL_Driver/Src/stm32f1xx_hal_cortex.c.obj
 .debug_info    0x00003ce9      0x84b CMakeFiles/ws2812.elf.dir/Drivers/STM32F1xx_HAL_Driver/Src/stm32f1xx_hal_dma.c.obj
 .debug_info    0x00004534      0x66f CMakeFiles/ws2812.elf.dir/Drivers/STM32F1xx_HAL_Driver/Src/stm32f1xx_hal_gpio.c.obj
 .debug_info    0x00004ba3      0xa3b CMakeFiles/ws2812.elf.dir/Drivers/STM32F1xx_HAL_Driver/Src/stm32f1xx_hal_rcc.c.obj
 .debug_info    0x000055de     0x3d52 CMakeFiles/ws2812.elf.dir/Drivers/STM32F1xx_HAL_Driver/Src/stm32f1xx_hal_tim.c.obj
 .debug_info    0x00009330     0x1abb CMakeFiles/ws2812.elf.dir/Drivers/STM32F1xx_HAL_Driver/Src/stm32f1xx_hal_tim_ex.c.obj

.debug_abbrev   0x00000000     0x1b60
 .debug_abbrev  0x00000000      0x114 CMakeFiles/ws2812.elf.dir/Core/Src/dma.c.obj
 .debug_abbrev  0x00000114       0xbf CMakeFiles/ws2812.elf.dir/Core/Src/gpio.c.obj
 .debug_abbrev  0x000001d3      0x192 CMakeFiles/ws2812.elf.dir/Core/Src/main.c.obj
 .debug_abbrev  0x00000365       0xe5 CMakeFiles/ws2812.elf.dir/Core/Src/stm32f1xx_hal_msp.c.obj
 .debug_abbrev  0x0000044a      0x154 CMakeFiles/ws2812.elf.dir/Core/Src/stm32f1xx_it.c.obj
 .debug_abbrev  0x0000059e      0x13e CMakeFiles/ws2812.elf.dir/Core/Src/system_stm32f1xx.c.obj
 .debug_abbrev  0x000006dc      0x20a CMakeFiles/ws2812.elf.dir/Core/Src/tim.c.obj
 .debug_abbrev  0x000008e6      0x223 CMakeFiles/ws2812.elf.dir/Core/Src/ws2812led.c.obj
 .debug_abbrev  0x00000b09       0x12 CMakeFiles/ws2812.elf.dir/Core/Startup/startup_stm32f103c8tx.s.obj
 .debug_abbrev  0x00000b1b      0x1f4 CMakeFiles/ws2812.elf.dir/Drivers/STM32F1xx_HAL_Driver/Src/stm32f1xx_hal.c.obj
 .debug_abbrev  0x00000d0f      0x341 CMakeFiles/ws2812.elf.dir/Drivers/STM32F1xx_HAL_Driver/Src/stm32f1xx_hal_cortex.c.obj
 .debug_abbrev  0x00001050      0x223 CMakeFiles/ws2812.elf.dir/Drivers/STM32F1xx_HAL_Driver/Src/stm32f1xx_hal_dma.c.obj
 .debug_abbrev  0x00001273      0x1e6 CMakeFiles/ws2812.elf.dir/Drivers/STM32F1xx_HAL_Driver/Src/stm32f1xx_hal_gpio.c.obj
 .debug_abbrev  0x00001459      0x27a CMakeFiles/ws2812.elf.dir/Drivers/STM32F1xx_HAL_Driver/Src/stm32f1xx_hal_rcc.c.obj
 .debug_abbrev  0x000016d3      0x245 CMakeFiles/ws2812.elf.dir/Drivers/STM32F1xx_HAL_Driver/Src/stm32f1xx_hal_tim.c.obj
 .debug_abbrev  0x00001918      0x248 CMakeFiles/ws2812.elf.dir/Drivers/STM32F1xx_HAL_Driver/Src/stm32f1xx_hal_tim_ex.c.obj

.debug_aranges  0x00000000      0x9f0
 .debug_aranges
                0x00000000       0x20 CMakeFiles/ws2812.elf.dir/Core/Src/dma.c.obj
 .debug_aranges
                0x00000020       0x20 CMakeFiles/ws2812.elf.dir/Core/Src/gpio.c.obj
 .debug_aranges
                0x00000040       0x30 CMakeFiles/ws2812.elf.dir/Core/Src/main.c.obj
 .debug_aranges
                0x00000070       0x20 CMakeFiles/ws2812.elf.dir/Core/Src/stm32f1xx_hal_msp.c.obj
 .debug_aranges
                0x00000090       0x68 CMakeFiles/ws2812.elf.dir/Core/Src/stm32f1xx_it.c.obj
 .debug_aranges
                0x000000f8       0x28 CMakeFiles/ws2812.elf.dir/Core/Src/system_stm32f1xx.c.obj
 .debug_aranges
                0x00000120       0x38 CMakeFiles/ws2812.elf.dir/Core/Src/tim.c.obj
 .debug_aranges
                0x00000158       0x60 CMakeFiles/ws2812.elf.dir/Core/Src/ws2812led.c.obj
 .debug_aranges
                0x000001b8       0x28 CMakeFiles/ws2812.elf.dir/Core/Startup/startup_stm32f103c8tx.s.obj
 .debug_aranges
                0x000001e0       0xe0 CMakeFiles/ws2812.elf.dir/Drivers/STM32F1xx_HAL_Driver/Src/stm32f1xx_hal.c.obj
 .debug_aranges
                0x000002c0       0x90 CMakeFiles/ws2812.elf.dir/Drivers/STM32F1xx_HAL_Driver/Src/stm32f1xx_hal_cortex.c.obj
 .debug_aranges
                0x00000350       0x80 CMakeFiles/ws2812.elf.dir/Drivers/STM32F1xx_HAL_Driver/Src/stm32f1xx_hal_dma.c.obj
 .debug_aranges
                0x000003d0       0x58 CMakeFiles/ws2812.elf.dir/Drivers/STM32F1xx_HAL_Driver/Src/stm32f1xx_hal_gpio.c.obj
 .debug_aranges
                0x00000428       0x90 CMakeFiles/ws2812.elf.dir/Drivers/STM32F1xx_HAL_Driver/Src/stm32f1xx_hal_rcc.c.obj
 .debug_aranges
                0x000004b8      0x3d0 CMakeFiles/ws2812.elf.dir/Drivers/STM32F1xx_HAL_Driver/Src/stm32f1xx_hal_tim.c.obj
 .debug_aranges
                0x00000888      0x168 CMakeFiles/ws2812.elf.dir/Drivers/STM32F1xx_HAL_Driver/Src/stm32f1xx_hal_tim_ex.c.obj

.debug_ranges   0x00000000      0x978
 .debug_ranges  0x00000000       0x10 CMakeFiles/ws2812.elf.dir/Core/Src/dma.c.obj
 .debug_ranges  0x00000010       0x10 CMakeFiles/ws2812.elf.dir/Core/Src/gpio.c.obj
 .debug_ranges  0x00000020       0x20 CMakeFiles/ws2812.elf.dir/Core/Src/main.c.obj
 .debug_ranges  0x00000040       0x10 CMakeFiles/ws2812.elf.dir/Core/Src/stm32f1xx_hal_msp.c.obj
 .debug_ranges  0x00000050       0x58 CMakeFiles/ws2812.elf.dir/Core/Src/stm32f1xx_it.c.obj
 .debug_ranges  0x000000a8       0x18 CMakeFiles/ws2812.elf.dir/Core/Src/system_stm32f1xx.c.obj
 .debug_ranges  0x000000c0       0x28 CMakeFiles/ws2812.elf.dir/Core/Src/tim.c.obj
 .debug_ranges  0x000000e8       0x50 CMakeFiles/ws2812.elf.dir/Core/Src/ws2812led.c.obj
 .debug_ranges  0x00000138       0x20 CMakeFiles/ws2812.elf.dir/Core/Startup/startup_stm32f103c8tx.s.obj
 .debug_ranges  0x00000158       0xd0 CMakeFiles/ws2812.elf.dir/Drivers/STM32F1xx_HAL_Driver/Src/stm32f1xx_hal.c.obj
 .debug_ranges  0x00000228       0xe0 CMakeFiles/ws2812.elf.dir/Drivers/STM32F1xx_HAL_Driver/Src/stm32f1xx_hal_cortex.c.obj
 .debug_ranges  0x00000308       0x70 CMakeFiles/ws2812.elf.dir/Drivers/STM32F1xx_HAL_Driver/Src/stm32f1xx_hal_dma.c.obj
 .debug_ranges  0x00000378       0x48 CMakeFiles/ws2812.elf.dir/Drivers/STM32F1xx_HAL_Driver/Src/stm32f1xx_hal_gpio.c.obj
 .debug_ranges  0x000003c0       0xa0 CMakeFiles/ws2812.elf.dir/Drivers/STM32F1xx_HAL_Driver/Src/stm32f1xx_hal_rcc.c.obj
 .debug_ranges  0x00000460      0x3c0 CMakeFiles/ws2812.elf.dir/Drivers/STM32F1xx_HAL_Driver/Src/stm32f1xx_hal_tim.c.obj
 .debug_ranges  0x00000820      0x158 CMakeFiles/ws2812.elf.dir/Drivers/STM32F1xx_HAL_Driver/Src/stm32f1xx_hal_tim_ex.c.obj

.debug_line     0x00000000     0xaa02
 .debug_line    0x00000000      0x1f9 CMakeFiles/ws2812.elf.dir/Core/Src/dma.c.obj
 .debug_line    0x000001f9      0x1a1 CMakeFiles/ws2812.elf.dir/Core/Src/gpio.c.obj
 .debug_line    0x0000039a      0x3f2 CMakeFiles/ws2812.elf.dir/Core/Src/main.c.obj
 .debug_line    0x0000078c      0x1ae CMakeFiles/ws2812.elf.dir/Core/Src/stm32f1xx_hal_msp.c.obj
 .debug_line    0x0000093a      0x32e CMakeFiles/ws2812.elf.dir/Core/Src/stm32f1xx_it.c.obj
 .debug_line    0x00000c68      0x278 CMakeFiles/ws2812.elf.dir/Core/Src/system_stm32f1xx.c.obj
 .debug_line    0x00000ee0      0x4d9 CMakeFiles/ws2812.elf.dir/Core/Src/tim.c.obj
 .debug_line    0x000013b9      0x5d9 CMakeFiles/ws2812.elf.dir/Core/Src/ws2812led.c.obj
 .debug_line    0x00001992       0xab CMakeFiles/ws2812.elf.dir/Core/Startup/startup_stm32f103c8tx.s.obj
 .debug_line    0x00001a3d      0x5b0 CMakeFiles/ws2812.elf.dir/Drivers/STM32F1xx_HAL_Driver/Src/stm32f1xx_hal.c.obj
 .debug_line    0x00001fed      0x693 CMakeFiles/ws2812.elf.dir/Drivers/STM32F1xx_HAL_Driver/Src/stm32f1xx_hal_cortex.c.obj
 .debug_line    0x00002680      0xab4 CMakeFiles/ws2812.elf.dir/Drivers/STM32F1xx_HAL_Driver/Src/stm32f1xx_hal_dma.c.obj
 .debug_line    0x00003134      0x63b CMakeFiles/ws2812.elf.dir/Drivers/STM32F1xx_HAL_Driver/Src/stm32f1xx_hal_gpio.c.obj
 .debug_line    0x0000376f      0xc78 CMakeFiles/ws2812.elf.dir/Drivers/STM32F1xx_HAL_Driver/Src/stm32f1xx_hal_rcc.c.obj
 .debug_line    0x000043e7     0x49d3 CMakeFiles/ws2812.elf.dir/Drivers/STM32F1xx_HAL_Driver/Src/stm32f1xx_hal_tim.c.obj
 .debug_line    0x00008dba     0x1c48 CMakeFiles/ws2812.elf.dir/Drivers/STM32F1xx_HAL_Driver/Src/stm32f1xx_hal_tim_ex.c.obj

.debug_str      0x00000000     0x31c9
 .debug_str     0x00000000      0x4eb CMakeFiles/ws2812.elf.dir/Core/Src/dma.c.obj
                                0x528 (size before relaxing)
 .debug_str     0x000004eb       0x45 CMakeFiles/ws2812.elf.dir/Core/Src/gpio.c.obj
                                0x22d (size before relaxing)
 .debug_str     0x00000530      0x236 CMakeFiles/ws2812.elf.dir/Core/Src/main.c.obj
                                0x400 (size before relaxing)
 .debug_str     0x00000766       0x7f CMakeFiles/ws2812.elf.dir/Core/Src/stm32f1xx_hal_msp.c.obj
                                0x267 (size before relaxing)
 .debug_str     0x000007e5      0x2c2 CMakeFiles/ws2812.elf.dir/Core/Src/stm32f1xx_it.c.obj
                                0x48f (size before relaxing)
 .debug_str     0x00000aa7       0xa3 CMakeFiles/ws2812.elf.dir/Core/Src/system_stm32f1xx.c.obj
                                0x29c (size before relaxing)
 .debug_str     0x00000b4a      0x5e1 CMakeFiles/ws2812.elf.dir/Core/Src/tim.c.obj
                                0xa60 (size before relaxing)
 .debug_str     0x0000112b       0xfb CMakeFiles/ws2812.elf.dir/Core/Src/ws2812led.c.obj
                                0x7bb (size before relaxing)
 .debug_str     0x00001226       0x5b CMakeFiles/ws2812.elf.dir/Core/Startup/startup_stm32f103c8tx.s.obj
                                 0x95 (size before relaxing)
 .debug_str     0x00001281      0x329 CMakeFiles/ws2812.elf.dir/Drivers/STM32F1xx_HAL_Driver/Src/stm32f1xx_hal.c.obj
                                0x86c (size before relaxing)
 .debug_str     0x000015aa      0x3d7 CMakeFiles/ws2812.elf.dir/Drivers/STM32F1xx_HAL_Driver/Src/stm32f1xx_hal_cortex.c.obj
                                0x91b (size before relaxing)
 .debug_str     0x00001981      0x23d CMakeFiles/ws2812.elf.dir/Drivers/STM32F1xx_HAL_Driver/Src/stm32f1xx_hal_dma.c.obj
                                0x645 (size before relaxing)
 .debug_str     0x00001bbe      0x178 CMakeFiles/ws2812.elf.dir/Drivers/STM32F1xx_HAL_Driver/Src/stm32f1xx_hal_gpio.c.obj
                                0x448 (size before relaxing)
 .debug_str     0x00001d36      0x219 CMakeFiles/ws2812.elf.dir/Drivers/STM32F1xx_HAL_Driver/Src/stm32f1xx_hal_rcc.c.obj
                                0x673 (size before relaxing)
 .debug_str     0x00001f4f      0xde3 CMakeFiles/ws2812.elf.dir/Drivers/STM32F1xx_HAL_Driver/Src/stm32f1xx_hal_tim.c.obj
                               0x1687 (size before relaxing)
 .debug_str     0x00002d32      0x497 CMakeFiles/ws2812.elf.dir/Drivers/STM32F1xx_HAL_Driver/Src/stm32f1xx_hal_tim_ex.c.obj
                                0xe88 (size before relaxing)

.comment        0x00000000       0x49
 .comment       0x00000000       0x49 CMakeFiles/ws2812.elf.dir/Core/Src/dma.c.obj
                                 0x4a (size before relaxing)
 .comment       0x00000049       0x4a CMakeFiles/ws2812.elf.dir/Core/Src/gpio.c.obj
 .comment       0x00000049       0x4a CMakeFiles/ws2812.elf.dir/Core/Src/main.c.obj
 .comment       0x00000049       0x4a CMakeFiles/ws2812.elf.dir/Core/Src/stm32f1xx_hal_msp.c.obj
 .comment       0x00000049       0x4a CMakeFiles/ws2812.elf.dir/Core/Src/stm32f1xx_it.c.obj
 .comment       0x00000049       0x4a CMakeFiles/ws2812.elf.dir/Core/Src/system_stm32f1xx.c.obj
 .comment       0x00000049       0x4a CMakeFiles/ws2812.elf.dir/Core/Src/tim.c.obj
 .comment       0x00000049       0x4a CMakeFiles/ws2812.elf.dir/Core/Src/ws2812led.c.obj
 .comment       0x00000049       0x4a CMakeFiles/ws2812.elf.dir/Drivers/STM32F1xx_HAL_Driver/Src/stm32f1xx_hal.c.obj
 .comment       0x00000049       0x4a CMakeFiles/ws2812.elf.dir/Drivers/STM32F1xx_HAL_Driver/Src/stm32f1xx_hal_cortex.c.obj
 .comment       0x00000049       0x4a CMakeFiles/ws2812.elf.dir/Drivers/STM32F1xx_HAL_Driver/Src/stm32f1xx_hal_dma.c.obj
 .comment       0x00000049       0x4a CMakeFiles/ws2812.elf.dir/Drivers/STM32F1xx_HAL_Driver/Src/stm32f1xx_hal_gpio.c.obj
 .comment       0x00000049       0x4a CMakeFiles/ws2812.elf.dir/Drivers/STM32F1xx_HAL_Driver/Src/stm32f1xx_hal_rcc.c.obj
 .comment       0x00000049       0x4a CMakeFiles/ws2812.elf.dir/Drivers/STM32F1xx_HAL_Driver/Src/stm32f1xx_hal_tim.c.obj
 .comment       0x00000049       0x4a CMakeFiles/ws2812.elf.dir/Drivers/STM32F1xx_HAL_Driver/Src/stm32f1xx_hal_tim_ex.c.obj

.debug_frame    0x00000000     0x1af4
 .debug_frame   0x00000000       0x2c CMakeFiles/ws2812.elf.dir/Core/Src/dma.c.obj
 .debug_frame   0x0000002c       0x28 CMakeFiles/ws2812.elf.dir/Core/Src/gpio.c.obj
 .debug_frame   0x00000054       0x60 CMakeFiles/ws2812.elf.dir/Core/Src/main.c.obj
 .debug_frame   0x000000b4       0x28 CMakeFiles/ws2812.elf.dir/Core/Src/stm32f1xx_hal_msp.c.obj
 .debug_frame   0x000000dc       0xc0 CMakeFiles/ws2812.elf.dir/Core/Src/stm32f1xx_it.c.obj
 .debug_frame   0x0000019c       0x30 CMakeFiles/ws2812.elf.dir/Core/Src/system_stm32f1xx.c.obj
 .debug_frame   0x000001cc       0x8c CMakeFiles/ws2812.elf.dir/Core/Src/tim.c.obj
 .debug_frame   0x00000258       0xfc CMakeFiles/ws2812.elf.dir/Core/Src/ws2812led.c.obj
 .debug_frame   0x00000354      0x1cc CMakeFiles/ws2812.elf.dir/Drivers/STM32F1xx_HAL_Driver/Src/stm32f1xx_hal.c.obj
 .debug_frame   0x00000520      0x118 CMakeFiles/ws2812.elf.dir/Drivers/STM32F1xx_HAL_Driver/Src/stm32f1xx_hal_cortex.c.obj
 .debug_frame   0x00000638      0x144 CMakeFiles/ws2812.elf.dir/Drivers/STM32F1xx_HAL_Driver/Src/stm32f1xx_hal_dma.c.obj
 .debug_frame   0x0000077c       0xe4 CMakeFiles/ws2812.elf.dir/Drivers/STM32F1xx_HAL_Driver/Src/stm32f1xx_hal_gpio.c.obj
 .debug_frame   0x00000860      0x184 CMakeFiles/ws2812.elf.dir/Drivers/STM32F1xx_HAL_Driver/Src/stm32f1xx_hal_rcc.c.obj
 .debug_frame   0x000009e4      0xb18 CMakeFiles/ws2812.elf.dir/Drivers/STM32F1xx_HAL_Driver/Src/stm32f1xx_hal_tim.c.obj
 .debug_frame   0x000014fc      0x40c CMakeFiles/ws2812.elf.dir/Drivers/STM32F1xx_HAL_Driver/Src/stm32f1xx_hal_tim_ex.c.obj
 .debug_frame   0x00001908       0x2c e:/workspace/clion/gcc-arm-none-eabi-10.3-2021.10/bin/../lib/gcc/arm-none-eabi/10.3.1/../../../../arm-none-eabi/lib/thumb/v7-m/nofp\libg.a(lib_a-init.o)
 .debug_frame   0x00001934       0x2c e:/workspace/clion/gcc-arm-none-eabi-10.3-2021.10/bin/../lib/gcc/arm-none-eabi/10.3.1/../../../../arm-none-eabi/lib/thumb/v7-m/nofp\libg.a(lib_a-memset.o)
 .debug_frame   0x00001960       0x5c e:/workspace/clion/gcc-arm-none-eabi-10.3-2021.10/bin/../lib/gcc/arm-none-eabi/10.3.1/../../../../arm-none-eabi/lib/thumb/v7-m/nofp\libg.a(lib_a-__call_atexit.o)
 .debug_frame   0x000019bc       0x20 e:/workspace/clion/gcc-arm-none-eabi-10.3-2021.10/bin/../lib/gcc/arm-none-eabi/10.3.1/../../../../arm-none-eabi/lib/thumb/v7-m/nofp\libg.a(lib_a-atexit.o)
 .debug_frame   0x000019dc       0x34 e:/workspace/clion/gcc-arm-none-eabi-10.3-2021.10/bin/../lib/gcc/arm-none-eabi/10.3.1/../../../../arm-none-eabi/lib/thumb/v7-m/nofp\libg.a(lib_a-fini.o)
 .debug_frame   0x00001a10       0xb0 e:/workspace/clion/gcc-arm-none-eabi-10.3-2021.10/bin/../lib/gcc/arm-none-eabi/10.3.1/../../../../arm-none-eabi/lib/thumb/v7-m/nofp\libg.a(lib_a-lock.o)
 .debug_frame   0x00001ac0       0x34 e:/workspace/clion/gcc-arm-none-eabi-10.3-2021.10/bin/../lib/gcc/arm-none-eabi/10.3.1/../../../../arm-none-eabi/lib/thumb/v7-m/nofp\libg.a(lib_a-__atexit.o)

.debug_loc      0x00000000     0x8d23
 .debug_loc     0x00000000       0xbe CMakeFiles/ws2812.elf.dir/Core/Src/main.c.obj
 .debug_loc     0x000000be       0x15 CMakeFiles/ws2812.elf.dir/Core/Src/stm32f1xx_hal_msp.c.obj
 .debug_loc     0x000000d3       0xff CMakeFiles/ws2812.elf.dir/Core/Src/system_stm32f1xx.c.obj
 .debug_loc     0x000001d2       0xa6 CMakeFiles/ws2812.elf.dir/Core/Src/tim.c.obj
 .debug_loc     0x00000278      0x258 CMakeFiles/ws2812.elf.dir/Core/Src/ws2812led.c.obj
 .debug_loc     0x000004d0      0x141 CMakeFiles/ws2812.elf.dir/Drivers/STM32F1xx_HAL_Driver/Src/stm32f1xx_hal.c.obj
 .debug_loc     0x00000611      0x71f CMakeFiles/ws2812.elf.dir/Drivers/STM32F1xx_HAL_Driver/Src/stm32f1xx_hal_cortex.c.obj
 .debug_loc     0x00000d30      0x7d1 CMakeFiles/ws2812.elf.dir/Drivers/STM32F1xx_HAL_Driver/Src/stm32f1xx_hal_dma.c.obj
 .debug_loc     0x00001501      0x47d CMakeFiles/ws2812.elf.dir/Drivers/STM32F1xx_HAL_Driver/Src/stm32f1xx_hal_gpio.c.obj
 .debug_loc     0x0000197e      0x618 CMakeFiles/ws2812.elf.dir/Drivers/STM32F1xx_HAL_Driver/Src/stm32f1xx_hal_rcc.c.obj
 .debug_loc     0x00001f96     0x50fa CMakeFiles/ws2812.elf.dir/Drivers/STM32F1xx_HAL_Driver/Src/stm32f1xx_hal_tim.c.obj
 .debug_loc     0x00007090     0x1c93 CMakeFiles/ws2812.elf.dir/Drivers/STM32F1xx_HAL_Driver/Src/stm32f1xx_hal_tim_ex.c.obj
